// Jest Snapshot v1, https://goo.gl/fbAQLP

exports[`ToggleButton should match snapshot 1`] = `
<div>
  <div
    class="toggle-button"
  >
    <span
      class="toggle-button__icon"
    >
      <svg
        height="20"
        viewBox="0 0 512 512"
        width="20"
        xmlns="http://www.w3.org/2000/svg"
      >
        <path
          d="M400 256H112"
          fill="none"
          stroke="currentColor"
          stroke-linecap="round"
          stroke-linejoin="round"
          stroke-width="60"
        />
      </svg>
    </span>
    <button
      class="button button__primary toggle-button__btn"
    >
      text
    </button>
  </div>
</div>
`;
