// Jest Snapshot v1, https://goo.gl/fbAQLP

exports[`ScheduleForm should match snapshot 1`] = `
<div>
  <div
    class="schedule-form__wrapper"
  >
    <form
      class="schedule-form"
      data-testid="a"
      id="a"
      schedule-form-id="a"
    >
      <h3
        class="schedule-form__title"
      >
        Arrival Date
      </h3>
      <div
        class="schedule-form__input-wrapper"
      >
        <div
          class="input arrival-date-input"
        >
          <div
            class="input__input-wrapper"
          >
            <input
              class="input__input"
              id="a-arrival-date"
              name="arrivalDate"
              required=""
              type="date"
              value="2020-08-29"
            />
          </div>
        </div>
        <div
          class="input"
        >
          <div
            class="input__input-wrapper"
          >
            <label
              class="input__prepend"
              for="a-from"
            >
              Von
            </label>
            <input
              class="input__input"
              id="a-from"
              name="start"
              required=""
              type="time"
              value="09:00"
            />
          </div>
        </div>
        <div
          class="input"
        >
          <div
            class="input__input-wrapper"
          >
            <label
              class="input__prepend"
              for="a-to"
            >
              Bis
            </label>
            <input
              class="input__input"
              id="a-to"
              name="end"
              required=""
              type="time"
              value="12:00"
            />
          </div>
        </div>
        <div
          class="input arrival-date-input"
        >
          <div
            class="input__input-wrapper"
          >
            <input
              class="input__input"
              id="a-arrival-date"
              name="arrivalDate"
              required=""
              type="date"
              value="2020-08-29"
            />
          </div>
        </div>
        <div
          class="input"
        >
          <div
            class="input__input-wrapper"
          >
            <label
              class="input__prepend"
              for="a-from"
            >
              Von
            </label>
            <input
              class="input__input"
              id="a-from"
              name="start"
              required=""
              type="time"
              value="09:00"
            />
          </div>
        </div>
        <div
          class="input"
        >
          <div
            class="input__input-wrapper"
          >
            <label
              class="input__prepend"
              for="a-to"
            >
              Bis
            </label>
            <input
              class="input__input"
              id="a-to"
              name="end"
              required=""
              type="time"
              value="12:00"
            />
          </div>
        </div>
      </div>
      <div
        class="schedule-form__control"
      >
        <button
          class="button button__tertiary"
          type="button"
        >
          Cancel
        </button>
        <button
          class="button button__primary"
          type="submit"
        >
          Save
        </button>
      </div>
    </form>
  </div>
</div>
`;
